  Determinando los proyectos que se van a restaurar...
  Todos los proyectos est├ín actualizados para la restauraci├│n.
D:\DEVs\Cloverwin\Services\TransactionFileService.cs(455,18): warning CS8601: Posible asignaci├│n de referencia nula. [D:\DEVs\Cloverwin\CloverBridge.csproj]
D:\DEVs\Cloverwin\Services\TransactionFileService.cs(476,22): warning CS8601: Posible asignaci├│n de referencia nula. [D:\DEVs\Cloverwin\CloverBridge.csproj]
D:\DEVs\Cloverwin\Services\TransactionFileService.cs(580,20): warning CS8619: La nulabilidad de los tipos de referencia en el valor de tipo "List<string?>" no coincide con el tipo de destino "List<string>". [D:\DEVs\Cloverwin\CloverBridge.csproj]
D:\DEVs\Cloverwin\UI\ProductionMainWindow.xaml.cs(682,17): error CS0103: El nombre 'response' no existe en el contexto actual [D:\DEVs\Cloverwin\CloverBridge.csproj]
D:\DEVs\Cloverwin\UI\ProductionMainWindow.xaml.cs(685,67): error CS0103: El nombre 'response' no existe en el contexto actual [D:\DEVs\Cloverwin\CloverBridge.csproj]
D:\DEVs\Cloverwin\UI\ProductionMainWindow.xaml.cs(703,17): error CS0103: El nombre 'timedOut' no existe en el contexto actual [D:\DEVs\Cloverwin\CloverBridge.csproj]
D:\DEVs\Cloverwin\UI\ProductionMainWindow.xaml.cs(764,17): error CS0103: El nombre 'response' no existe en el contexto actual [D:\DEVs\Cloverwin\CloverBridge.csproj]
D:\DEVs\Cloverwin\UI\ProductionMainWindow.xaml.cs(766,61): error CS0103: El nombre 'response' no existe en el contexto actual [D:\DEVs\Cloverwin\CloverBridge.csproj]
D:\DEVs\Cloverwin\UI\ProductionMainWindow.xaml.cs(700,37): warning CS0168: La variable 'timeoutEx' se ha declarado pero nunca se usa [D:\DEVs\Cloverwin\CloverBridge.csproj]

ERROR al compilar.

D:\DEVs\Cloverwin\Services\TransactionFileService.cs(455,18): warning CS8601: Posible asignaci├│n de referencia nula. [D:\DEVs\Cloverwin\CloverBridge.csproj]
D:\DEVs\Cloverwin\Services\TransactionFileService.cs(476,22): warning CS8601: Posible asignaci├│n de referencia nula. [D:\DEVs\Cloverwin\CloverBridge.csproj]
D:\DEVs\Cloverwin\Services\TransactionFileService.cs(580,20): warning CS8619: La nulabilidad de los tipos de referencia en el valor de tipo "List<string?>" no coincide con el tipo de destino "List<string>". [D:\DEVs\Cloverwin\CloverBridge.csproj]
D:\DEVs\Cloverwin\UI\ProductionMainWindow.xaml.cs(700,37): warning CS0168: La variable 'timeoutEx' se ha declarado pero nunca se usa [D:\DEVs\Cloverwin\CloverBridge.csproj]
D:\DEVs\Cloverwin\UI\ProductionMainWindow.xaml.cs(682,17): error CS0103: El nombre 'response' no existe en el contexto actual [D:\DEVs\Cloverwin\CloverBridge.csproj]
D:\DEVs\Cloverwin\UI\ProductionMainWindow.xaml.cs(685,67): error CS0103: El nombre 'response' no existe en el contexto actual [D:\DEVs\Cloverwin\CloverBridge.csproj]
D:\DEVs\Cloverwin\UI\ProductionMainWindow.xaml.cs(703,17): error CS0103: El nombre 'timedOut' no existe en el contexto actual [D:\DEVs\Cloverwin\CloverBridge.csproj]
D:\DEVs\Cloverwin\UI\ProductionMainWindow.xaml.cs(764,17): error CS0103: El nombre 'response' no existe en el contexto actual [D:\DEVs\Cloverwin\CloverBridge.csproj]
D:\DEVs\Cloverwin\UI\ProductionMainWindow.xaml.cs(766,61): error CS0103: El nombre 'response' no existe en el contexto actual [D:\DEVs\Cloverwin\CloverBridge.csproj]
    4 Advertencia(s)
    5 Errores

Tiempo transcurrido 00:00:00.69
